exports[`ServerOverview renders correctly 1`] = `
<div
  className="container">
  <div
    className="container">
    <div
      className="status"
      style={
        Object {
          "backgroundColor": undefined
        }
      } />
    <div
      className="icon">
      <i
        className="fa fa-3x fa-myIcon" />
    </div>
    <div
      className="name">
      <a
        href="http://myLink">
        myName
      </a>
    </div>
  </div>
</div>
`;
