exports[`App renders correctly 1`] = `
<div>
  <div
    className="container">
    <a
      className="item"
      onClick={[Function bound handleClick]}
      style={Object {}}>
      Home
    </a>
     | 
    <a
      className="item"
      onClick={[Function bound handleClick]}
      style={Object {}}>
      Servers
    </a>
     | 
    <a
      className="item"
      onClick={[Function bound handleClick]}
      style={Object {}}>
      Login
    </a>
  </div>
  <div>
    Hello World
  </div>
</div>
`;
